// Jest Snapshot v1, https://goo.gl/fbAQLP

exports[`Header renders correctly 1`] = `
<header>
  <nav>
    <h1>
      <a
        href="/"
      >
        Default Starter
      </a>
    </h1>
  </nav>
</header>
`;
