// Jest Snapshot v1, https://goo.gl/fbAQLP

exports[`FieldLengthCSS renders correctly 1`] = `
<DocumentFragment>
  .emotion-10 {
  position: relative;
  box-sizing: border-box;
}

.emotion-9 {
  -webkit-align-items: center;
  -webkit-box-align: center;
  -ms-flex-align: center;
  align-items: center;
  background-color: hsl(0,0%,100%);
  border-color: hsl(0,0%,80%);
  border-radius: 4px;
  border-style: solid;
  border-width: 1px;
  cursor: default;
  display: -webkit-box;
  display: -webkit-flex;
  display: -ms-flexbox;
  display: flex;
  -webkit-flex-wrap: wrap;
  -ms-flex-wrap: wrap;
  flex-wrap: wrap;
  -webkit-box-pack: justify;
  -webkit-justify-content: space-between;
  -ms-flex-pack: justify;
  justify-content: space-between;
  min-height: 38px;
  outline: 0 !important;
  position: relative;
  -webkit-transition: all 100ms;
  transition: all 100ms;
  box-sizing: border-box;
}

.emotion-9:hover {
  border-color: hsl(0,0%,70%);
}

.emotion-2 {
  -webkit-align-items: center;
  -webkit-box-align: center;
  -ms-flex-align: center;
  align-items: center;
  display: -webkit-box;
  display: -webkit-flex;
  display: -ms-flexbox;
  display: flex;
  -webkit-flex: 1;
  -ms-flex: 1;
  flex: 1;
  -webkit-flex-wrap: wrap;
  -ms-flex-wrap: wrap;
  flex-wrap: wrap;
  padding: 2px 8px;
  -webkit-overflow-scrolling: touch;
  position: relative;
  overflow: hidden;
  box-sizing: border-box;
}

.emotion-0 {
  color: hsl(0,0%,20%);
  margin-left: 2px;
  margin-right: 2px;
  max-width: calc(100% - 8px);
  overflow: hidden;
  position: absolute;
  text-overflow: ellipsis;
  white-space: nowrap;
  top: 50%;
  -webkit-transform: translateY(-50%);
  -ms-transform: translateY(-50%);
  transform: translateY(-50%);
  box-sizing: border-box;
}

.emotion-1 {
  margin: 2px;
  padding-bottom: 2px;
  padding-top: 2px;
  visibility: visible;
  color: hsl(0,0%,20%);
  box-sizing: border-box;
}

.emotion-8 {
  -webkit-align-items: center;
  -webkit-box-align: center;
  -ms-flex-align: center;
  align-items: center;
  -webkit-align-self: stretch;
  -ms-flex-item-align: stretch;
  align-self: stretch;
  display: -webkit-box;
  display: -webkit-flex;
  display: -ms-flexbox;
  display: flex;
  -webkit-flex-shrink: 0;
  -ms-flex-negative: 0;
  flex-shrink: 0;
  box-sizing: border-box;
}

.emotion-4 {
  color: hsl(0,0%,80%);
  display: -webkit-box;
  display: -webkit-flex;
  display: -ms-flexbox;
  display: flex;
  padding: 8px;
  -webkit-transition: color 150ms;
  transition: color 150ms;
  box-sizing: border-box;
}

.emotion-4:hover {
  color: hsl(0,0%,60%);
}

.emotion-3 {
  display: inline-block;
  fill: currentColor;
  line-height: 1;
  stroke: currentColor;
  stroke-width: 0;
}

.emotion-5 {
  -webkit-align-self: stretch;
  -ms-flex-item-align: stretch;
  align-self: stretch;
  background-color: hsl(0,0%,80%);
  margin-bottom: 8px;
  margin-top: 8px;
  width: 1px;
  box-sizing: border-box;
}

<div
    css="[object Object]"
  >
    <input
      css="[object Object],[object Object]"
      data-is-valid="true"
      data-testid="field-lengthCSS-input"
      type="text"
      value="20"
    />
    <div
      class=" emotion-10"
    >
      <div
        class="select__control emotion-9"
      >
        <div
          class="select__value-container select__value-container--has-value emotion-2"
        >
          <div
            class="select__single-value emotion-0"
          >
            vw
          </div>
          <div
            class="emotion-1"
          >
            <div
              class="select__input"
              style="display: inline-block;"
            >
              <input
                aria-autocomplete="list"
                autocapitalize="none"
                autocomplete="off"
                autocorrect="off"
                id="react-select-2-input"
                spellcheck="false"
                style="box-sizing: content-box; width: 2px; border: 0px; font-size: inherit; opacity: 1; outline: 0; padding: 0px;"
                tabindex="0"
                type="text"
                value=""
              />
              <div
                style="position: absolute; top: 0px; left: 0px; visibility: hidden; height: 0px; overflow: scroll; white-space: pre; font-size: inherit; font-family: -webkit-small-control; letter-spacing: normal; text-transform: none;"
              />
            </div>
          </div>
        </div>
        <div
          class="select__indicators emotion-8"
        >
          <div
            aria-hidden="true"
            class="select__indicator select__clear-indicator emotion-4"
          >
            <svg
              aria-hidden="true"
              class="emotion-3"
              focusable="false"
              height="20"
              viewBox="0 0 20 20"
              width="20"
            >
              <path
                d="M14.348 14.849c-0.469 0.469-1.229 0.469-1.697 0l-2.651-3.030-2.651 3.029c-0.469 0.469-1.229 0.469-1.697 0-0.469-0.469-0.469-1.229 0-1.697l2.758-3.15-2.759-3.152c-0.469-0.469-0.469-1.228 0-1.697s1.228-0.469 1.697 0l2.652 3.031 2.651-3.031c0.469-0.469 1.228-0.469 1.697 0s0.469 1.229 0 1.697l-2.758 3.152 2.758 3.15c0.469 0.469 0.469 1.229 0 1.698z"
              />
            </svg>
          </div>
          <span
            class="select__indicator-separator emotion-5"
          />
          <div
            aria-hidden="true"
            class="select__indicator select__dropdown-indicator emotion-4"
          >
            <svg
              aria-hidden="true"
              class="emotion-3"
              focusable="false"
              height="20"
              viewBox="0 0 20 20"
              width="20"
            >
              <path
                d="M4.516 7.548c0.436-0.446 1.043-0.481 1.576 0l3.908 3.747 3.908-3.747c0.533-0.481 1.141-0.446 1.574 0 0.436 0.445 0.408 1.197 0 1.615-0.406 0.418-4.695 4.502-4.695 4.502-0.217 0.223-0.502 0.335-0.787 0.335s-0.57-0.112-0.789-0.335c0 0-4.287-4.084-4.695-4.502s-0.436-1.17 0-1.615z"
              />
            </svg>
          </div>
        </div>
      </div>
      <input
        name="field-lengthCSS-select"
        type="hidden"
        value="vw"
      />
    </div>
  </div>
</DocumentFragment>
`;
